../Core/Inc/notch_filter.h:26:19:_notch_reserve	5
../Core/Inc/notch_filter.h:44:20:_notch_set_coeffs_f32	1
../Core/Inc/notch_filter.h:68:20:Notch_Init	1
../Core/Inc/notch_filter.h:96:20:Notch_FilterArray	8
../Core/Src/main.c:90:6:HAL_ADC_ConvCpltCallback	2
../Core/Src/main.c:98:6:HAL_TIM_PeriodElapsedCallback	2
../Core/Src/main.c:111:5:main	2
../Core/Src/main.c:236:6:SystemClock_Config	3
../Core/Src/main.c:284:13:MX_ADC1_Init	8
../Core/Src/main.c:381:13:MX_TIM1_Init	4
../Core/Src/main.c:427:13:MX_TIM2_Init	4
../Core/Src/main.c:472:13:MX_USART2_UART_Init	2
../Core/Src/main.c:503:13:MX_DMA_Init	1
../Core/Src/main.c:521:13:MX_GPIO_Init	1
../Core/Src/main.c:563:6:Error_Handler	1
