../Core/Src/main.c:94:6:SetServoAngle	32	static
../Core/Src/main.c:100:13:UART_Process_Byte	16	static
../Core/Src/main.c:121:13:UART_Process_Line	24	static
../Core/Src/main.c:132:6:HAL_UART_RxCpltCallback	16	static
../Core/Src/main.c:146:5:main	24	static,ignoring_inline_asm
../Core/Src/main.c:253:6:SystemClock_Config	88	static
../Core/Src/main.c:301:13:MX_TIM1_Init	80	static
../Core/Src/main.c:366:13:MX_TIM3_Init	48	static
../Core/Src/main.c:419:13:MX_TIM4_Init	48	static
../Core/Src/main.c:468:13:MX_TIM14_Init	40	static
../Core/Src/main.c:514:13:MX_USART2_UART_Init	8	static
../Core/Src/main.c:547:13:MX_GPIO_Init	48	static
../Core/Src/main.c:582:6:Servo_Init	24	static
../Core/Src/main.c:592:6:Servo_SetAngle	24	static
../Core/Src/main.c:603:6:Error_Handler	4	static,ignoring_inline_asm
