../Core/Src/main.c:94:6:SetServoAngle	4
../Core/Src/main.c:100:13:UART_Process_Byte	5
../Core/Src/main.c:121:13:UART_Process_Line	3
../Core/Src/main.c:132:6:HAL_UART_RxCpltCallback	2
../Core/Src/main.c:146:5:main	3
../Core/Src/main.c:253:6:SystemClock_Config	3
../Core/Src/main.c:301:13:MX_TIM1_Init	5
../Core/Src/main.c:366:13:MX_TIM3_Init	5
../Core/Src/main.c:419:13:MX_TIM4_Init	4
../Core/Src/main.c:468:13:MX_TIM14_Init	4
../Core/Src/main.c:514:13:MX_USART2_UART_Init	2
../Core/Src/main.c:547:13:MX_GPIO_Init	1
../Core/Src/main.c:582:6:Servo_Init	1
../Core/Src/main.c:592:6:Servo_SetAngle	4
../Core/Src/main.c:603:6:Error_Handler	1
